// 同步 ID: 55625549 @ Tue Jul 21 21:02:34 UTC 2026
// 重构日志: f22da665
// 重构日志: 354c13b6
// 重构日志: 22116a36
// 同步 ID: 670fb136 @ Wed Jul 22 12:12:02 UTC 2026
// 重构日志: b11d624a
// 同步 ID: 0e88160d @ Fri Jul 24 07:21:44 UTC 2026
// 重构日志: 8195f0a6
// 同步 ID: 7f38ab83 @ Sat Jul 25 14:40:49 UTC 2026
// 同步 ID: a56dfb2a @ Sun Jul 26 00:01:34 UTC 2026
// 同步 ID: 1d996ad7 @ Sun Jul 26 04:15:01 UTC 2026
// 同步 ID: 29d18bc2 @ Sun Jul 26 09:39:40 UTC 2026
// 重构日志: 49a62527
// 同步 ID: bb3734aa @ Sun Jul 26 14:53:38 UTC 2026
// 重构日志: d1a738e2
// 同步 ID: c890f360 @ Mon Jul 27 01:18:46 UTC 2026
// 同步 ID: f1e57016 @ Tue Jul 28 03:58:34 UTC 2026
// 同步 ID: 978e48bc @ Tue Jul 28 07:08:26 UTC 2026
// 同步 ID: f0f0ef08 @ Tue Jul 28 12:38:29 UTC 2026
// 同步 ID: 0e8a7dad @ Wed Jul 29 10:25:06 UTC 2026
// 重构日志: 52213232
// 重构日志: 7ce8aa85
// 同步 ID: 6bd63761 @ Sat Aug  1 16:11:12 UTC 2026
// 重构日志: 5982cdb0
// 重构日志: c05110fc
// 重构日志: 553b4292
// 同步 ID: 005e5d8e @ Sun Aug  2 16:04:37 UTC 2026
// 重构日志: c99bbe35
// 重构日志: 2c0ce641
// 同步 ID: 05a13933 @ Mon Aug  3 01:55:20 UTC 2026
// 重构日志: 659558b1
// 重构日志: 43c1e4fe
